Traceback (most recent call last):
  File "/home/codespace/.local/lib/python3.12/site-packages/jupyter_core/utils/__init__.py", line 154, in wrapped
    asyncio.get_running_loop()
RuntimeError: no running event loop

During handling of the above exception, another exception occurred:

Traceback (most recent call last):
  File "/usr/local/python/3.12.1/lib/python3.12/site-packages/jupyter_cache/executors/utils.py", line 58, in single_nb_execution
    executenb(
  File "/home/codespace/.local/lib/python3.12/site-packages/nbclient/client.py", line 1319, in execute
    return NotebookClient(nb=nb, resources=resources, km=km, **kwargs).execute()
           ^^^^^^^^^^^^^^^^^^^^^^^^^^^^^^^^^^^^^^^^^^^^^^^^^^^^^^^^^^^^^^^^^^^^^
  File "/home/codespace/.local/lib/python3.12/site-packages/jupyter_core/utils/__init__.py", line 158, in wrapped
    return loop.run_until_complete(inner)
           ^^^^^^^^^^^^^^^^^^^^^^^^^^^^^^
  File "/usr/local/python/3.12.1/lib/python3.12/asyncio/base_events.py", line 684, in run_until_complete
    return future.result()
           ^^^^^^^^^^^^^^^
  File "/home/codespace/.local/lib/python3.12/site-packages/nbclient/client.py", line 709, in async_execute
    await self.async_execute_cell(
  File "/home/codespace/.local/lib/python3.12/site-packages/nbclient/client.py", line 1062, in async_execute_cell
    await self._check_raise_for_error(cell, cell_index, exec_reply)
  File "/home/codespace/.local/lib/python3.12/site-packages/nbclient/client.py", line 918, in _check_raise_for_error
    raise CellExecutionError.from_cell_and_msg(cell, exec_reply_content)
nbclient.exceptions.CellExecutionError: An error occurred while executing the following cell:
------------------
# Split data SMOTE
X_train, X_test, y_train, y_test = train_test_split(
    X_sm, y_sm, test_size=0.2, random_state=42, stratify=y_sm
)

# Inisialisasi Naive Bayes dengan smoothing
nb = GaussianNB(var_smoothing=1e-8)

# Latih model
nb.fit(X_train, y_train)

# Prediksi data uji
y_pred = nb.predict(X_test)

# Evaluasi hasil
print("🔹 Akurasi Naive Bayes (SMOTE):", accuracy_score(y_test, y_pred))
print("\nClassification Report:\n", classification_report(y_test, y_pred))
print("\nConfusion Matrix:\n", confusion_matrix(y_test, y_pred))

------------------


[31m---------------------------------------------------------------------------[39m
[31mNameError[39m                                 Traceback (most recent call last)
[36mCell[39m[36m [39m[32mIn[17][39m[32m, line 3[39m
[32m      1[39m [38;5;66;03m# Split data SMOTE[39;00m
[32m      2[39m X_train, X_test, y_train, y_test = train_test_split(
[32m----> [39m[32m3[39m     [43mX_sm[49m, y_sm, test_size=[32m0.2[39m, random_state=[32m42[39m, stratify=y_sm
[32m      4[39m )
[32m      6[39m [38;5;66;03m# Inisialisasi Naive Bayes dengan smoothing[39;00m
[32m      7[39m nb = GaussianNB(var_smoothing=[32m1e-8[39m)

[31mNameError[39m: name 'X_sm' is not defined

