Traceback (most recent call last):
  File "/home/codespace/.local/lib/python3.12/site-packages/jupyter_core/utils/__init__.py", line 154, in wrapped
    asyncio.get_running_loop()
RuntimeError: no running event loop

During handling of the above exception, another exception occurred:

Traceback (most recent call last):
  File "/usr/local/python/3.12.1/lib/python3.12/site-packages/jupyter_cache/executors/utils.py", line 58, in single_nb_execution
    executenb(
  File "/home/codespace/.local/lib/python3.12/site-packages/nbclient/client.py", line 1319, in execute
    return NotebookClient(nb=nb, resources=resources, km=km, **kwargs).execute()
           ^^^^^^^^^^^^^^^^^^^^^^^^^^^^^^^^^^^^^^^^^^^^^^^^^^^^^^^^^^^^^^^^^^^^^
  File "/home/codespace/.local/lib/python3.12/site-packages/jupyter_core/utils/__init__.py", line 158, in wrapped
    return loop.run_until_complete(inner)
           ^^^^^^^^^^^^^^^^^^^^^^^^^^^^^^
  File "/usr/local/python/3.12.1/lib/python3.12/asyncio/base_events.py", line 684, in run_until_complete
    return future.result()
           ^^^^^^^^^^^^^^^
  File "/home/codespace/.local/lib/python3.12/site-packages/nbclient/client.py", line 709, in async_execute
    await self.async_execute_cell(
  File "/home/codespace/.local/lib/python3.12/site-packages/nbclient/client.py", line 1062, in async_execute_cell
    await self._check_raise_for_error(cell, cell_index, exec_reply)
  File "/home/codespace/.local/lib/python3.12/site-packages/nbclient/client.py", line 918, in _check_raise_for_error
    raise CellExecutionError.from_cell_and_msg(cell, exec_reply_content)
nbclient.exceptions.CellExecutionError: An error occurred while executing the following cell:
------------------
import os
from pathlib import Path

# Path ke folder dataset
BUKA_PATH = './voice_augmented//buka/'
TUTUP_PATH = './voice_augmented//tutup/'

# Parameter sampling
TARGET_SR = 16000  # 16 kHz umum untuk speech

# Fungsi untuk memuat dan preprocess audio
def load_audio_file(file_path, sr=16000):
    """Memuat file audio, trim silence, dan normalisasi"""
    y, sample_rate = librosa.load(file_path, sr=sr, mono=True)
    
    # Trim silence di awal/akhir
    y_trimmed, _ = librosa.effects.trim(y, top_db=25)
    
    # Normalisasi amplitudo
    if np.max(np.abs(y_trimmed)) > 0:
        y_trimmed = y_trimmed / np.max(np.abs(y_trimmed))
    
    return y_trimmed, sample_rate

# Kumpulkan semua file audio
audio_data = []
labels = []
filenames = []

# Load file dari folder buka
buka_files = sorted([f for f in os.listdir(BUKA_PATH) if f.endswith('.wav')])
print(f"Loading {len(buka_files)} file dari folder 'buka'...")
for file in buka_files:
    file_path = os.path.join(BUKA_PATH, file)
    y, sr = load_audio_file(file_path, TARGET_SR)
    audio_data.append(y)
    labels.append(0)  # Label 0 untuk "buka"
    filenames.append(file)

# Load file dari folder tutup
tutup_files = sorted([f for f in os.listdir(TUTUP_PATH) if f.endswith('.wav')])
print(f"Loading {len(tutup_files)} file dari folder 'tutup'...")
for file in tutup_files:
    file_path = os.path.join(TUTUP_PATH, file)
    y, sr = load_audio_file(file_path, TARGET_SR)
    audio_data.append(y)
    labels.append(1)  # Label 1 untuk "tutup"
    filenames.append(file)

print(f"\nTotal audio loaded: {len(audio_data)}")
print(f"Buka: {labels.count(0)}, Tutup: {labels.count(1)}")
print(f"Sampling rate: {TARGET_SR} Hz")

# Visualisasi beberapa contoh waveform
fig, axes = plt.subplots(2, 2, figsize=(14, 6))
fig.suptitle('Contoh Waveform dari Dataset')

# Plot 2 contoh dari "buka"
for i in range(2):
    librosa.display.waveshow(audio_data[i], sr=TARGET_SR, ax=axes[0, i])
    axes[0, i].set_title(f'Buka - {filenames[i]}')
    axes[0, i].set_xlabel('Waktu (detik)')
    axes[0, i].set_ylabel('Amplitudo')

# Plot 2 contoh dari "tutup"
buka_count = labels.count(0)
for i in range(2):
    librosa.display.waveshow(audio_data[buka_count + i], sr=TARGET_SR, ax=axes[1, i])
    axes[1, i].set_title(f'Tutup - {filenames[buka_count + i]}')
    axes[1, i].set_xlabel('Waktu (detik)')
    axes[1, i].set_ylabel('Amplitudo')

plt.tight_layout()
plt.show()
------------------

----- stdout -----
Loading 0 file dari folder 'buka'...
Loading 0 file dari folder 'tutup'...

Total audio loaded: 0
Buka: 0, Tutup: 0
Sampling rate: 16000 Hz
------------------

[31m---------------------------------------------------------------------------[39m
[31mIndexError[39m                                Traceback (most recent call last)
[36mCell[39m[36m [39m[32mIn[3][39m[32m, line 60[39m
[32m     58[39m [38;5;66;03m# Plot 2 contoh dari "buka"[39;00m
[32m     59[39m [38;5;28;01mfor[39;00m i [38;5;129;01min[39;00m [38;5;28mrange[39m([32m2[39m):
[32m---> [39m[32m60[39m     librosa.display.waveshow([43maudio_data[49m[43m[[49m[43mi[49m[43m][49m, sr=TARGET_SR, ax=axes[[32m0[39m, i])
[32m     61[39m     axes[[32m0[39m, i].set_title([33mf[39m[33m'[39m[33mBuka - [39m[38;5;132;01m{[39;00mfilenames[i][38;5;132;01m}[39;00m[33m'[39m)
[32m     62[39m     axes[[32m0[39m, i].set_xlabel([33m'[39m[33mWaktu (detik)[39m[33m'[39m)

[31mIndexError[39m: list index out of range

